###############################################################################
#
# IAR ELF Linker V2.20.1.176 for STM8                     20/Nov/2018  16:18:54
# Copyright 2010-2015 IAR Systems AB.
#
#    Output file  =  C:\Users\HaiFeng\Desktop\stm8l151\Debug\Exe\stm8l151.out
#    Map file     =  C:\Users\HaiFeng\Desktop\stm8l151\Debug\List\stm8l151.map
#    Command line =  
#        C:\Users\HaiFeng\Desktop\stm8l151\Debug\Obj\epd2in13.o
#        C:\Users\HaiFeng\Desktop\stm8l151\Debug\Obj\epdhardware.o
#        C:\Users\HaiFeng\Desktop\stm8l151\Debug\Obj\epdif.o
#        C:\Users\HaiFeng\Desktop\stm8l151\Debug\Obj\epdpaint.o
#        C:\Users\HaiFeng\Desktop\stm8l151\Debug\Obj\font12.o
#        C:\Users\HaiFeng\Desktop\stm8l151\Debug\Obj\font16.o
#        C:\Users\HaiFeng\Desktop\stm8l151\Debug\Obj\font20.o
#        C:\Users\HaiFeng\Desktop\stm8l151\Debug\Obj\font24.o
#        C:\Users\HaiFeng\Desktop\stm8l151\Debug\Obj\font8.o
#        C:\Users\HaiFeng\Desktop\stm8l151\Debug\Obj\imagedata.o
#        C:\Users\HaiFeng\Desktop\stm8l151\Debug\Obj\main.o
#        C:\Users\HaiFeng\Desktop\stm8l151\Debug\Obj\pcf8563_i2c.o
#        C:\Users\HaiFeng\Desktop\stm8l151\Debug\Obj\stm8l15x_adc.o
#        C:\Users\HaiFeng\Desktop\stm8l151\Debug\Obj\stm8l15x_aes.o
#        C:\Users\HaiFeng\Desktop\stm8l151\Debug\Obj\stm8l15x_beep.o
#        C:\Users\HaiFeng\Desktop\stm8l151\Debug\Obj\stm8l15x_clk.o
#        C:\Users\HaiFeng\Desktop\stm8l151\Debug\Obj\stm8l15x_comp.o
#        C:\Users\HaiFeng\Desktop\stm8l151\Debug\Obj\stm8l15x_dac.o
#        C:\Users\HaiFeng\Desktop\stm8l151\Debug\Obj\stm8l15x_dma.o
#        C:\Users\HaiFeng\Desktop\stm8l151\Debug\Obj\stm8l15x_exti.o
#        C:\Users\HaiFeng\Desktop\stm8l151\Debug\Obj\stm8l15x_flash.o
#        C:\Users\HaiFeng\Desktop\stm8l151\Debug\Obj\stm8l15x_gpio.o
#        C:\Users\HaiFeng\Desktop\stm8l151\Debug\Obj\stm8l15x_i2c.o
#        C:\Users\HaiFeng\Desktop\stm8l151\Debug\Obj\stm8l15x_irtim.o
#        C:\Users\HaiFeng\Desktop\stm8l151\Debug\Obj\stm8l15x_itc.o
#        C:\Users\HaiFeng\Desktop\stm8l151\Debug\Obj\stm8l15x_iwdg.o
#        C:\Users\HaiFeng\Desktop\stm8l151\Debug\Obj\stm8l15x_lcd.o
#        C:\Users\HaiFeng\Desktop\stm8l151\Debug\Obj\stm8l15x_pwr.o
#        C:\Users\HaiFeng\Desktop\stm8l151\Debug\Obj\stm8l15x_rst.o
#        C:\Users\HaiFeng\Desktop\stm8l151\Debug\Obj\stm8l15x_rtc.o
#        C:\Users\HaiFeng\Desktop\stm8l151\Debug\Obj\stm8l15x_spi.o
#        C:\Users\HaiFeng\Desktop\stm8l151\Debug\Obj\stm8l15x_syscfg.o
#        C:\Users\HaiFeng\Desktop\stm8l151\Debug\Obj\stm8l15x_tim1.o
#        C:\Users\HaiFeng\Desktop\stm8l151\Debug\Obj\stm8l15x_tim2.o
#        C:\Users\HaiFeng\Desktop\stm8l151\Debug\Obj\stm8l15x_tim3.o
#        C:\Users\HaiFeng\Desktop\stm8l151\Debug\Obj\stm8l15x_tim4.o
#        C:\Users\HaiFeng\Desktop\stm8l151\Debug\Obj\stm8l15x_tim5.o
#        C:\Users\HaiFeng\Desktop\stm8l151\Debug\Obj\stm8l15x_usart.o
#        C:\Users\HaiFeng\Desktop\stm8l151\Debug\Obj\stm8l15x_wfe.o
#        C:\Users\HaiFeng\Desktop\stm8l151\Debug\Obj\stm8l15x_wwdg.o
#        C:\Users\HaiFeng\Desktop\stm8l151\Debug\Obj\user_usart.o --redirect
#        _Printf=_PrintfSmall --redirect _Scanf=_ScanfSmall -o
#        C:\Users\HaiFeng\Desktop\stm8l151\Debug\Exe\stm8l151.out --map
#        C:\Users\HaiFeng\Desktop\stm8l151\Debug\List\stm8l151.map --config
#        "C:\Program Files (x86)\IAR Systems\Embedded Workbench
#        7.3\stm8\config\lnkstm8l151g6.icf" --config_def _CSTACK_SIZE=0x100
#        --config_def _HEAP_SIZE=0x100 --entry __iar_program_start --debug_lib
#
###############################################################################

*******************************************************************************
*** RUNTIME MODEL ATTRIBUTES
***

__Heap_Handler             = Basic
__SystemLibrary            = DLib
__code_model               = small
__core                     = stm8
__data_model               = medium
__dlib_file_descriptor     = 1
__dlib_full_locale_support = 1
__rt_version               = 4


*******************************************************************************
*** PLACEMENT SUMMARY
***

"A1":  place at start of [0x000000-0x0000ff] { rw section .vregs };
"A2":  place at end of [0x000000-0x0007ff] { block CSTACK };
"P2":  place in [from 0x000000 to 0x0007ff] {
          block HEAP, rw section __DLIB_PERTHREAD, rw section .far.bss,
          rw section .far.data, rw section .far.noinit,
          rw section .far_func.textrw, rw section .huge.bss,
          rw section .huge.data, rw section .huge.noinit,
          rw section .huge_func.textrw, rw section .iar.dynexit,
          rw section .near.bss, rw section .near.data, rw section .near.noinit,
          rw section .near_func.textrw };
"A3":  place at start of [0x008000-0x00ffff] { block INTVEC };
"P3":  place in [from 0x008000 to 0x00ffff] {
          ro section __DLIB_PERTHREAD_init, ro section .far.data_init,
          ro section .far_func.textrw_init, ro section .huge.data_init,
          ro section .huge_func.textrw_init, ro section .iar.init_table,
          ro section .init_array, ro section .near.data_init,
          ro section .near.rodata, ro section .near_func.text,
          ro section .near_func.textrw_init, ro section .tiny.data_init,
          ro section .tiny.rodata_init };

  Section            Kind      Address    Size  Object
  -------            ----      -------    ----  ------
"A1":                                     0x10
  .vregs             uninit   0x000000    0x10  vregs.o [4]
                            - 0x000010    0x10

"P2", part 1 of 3:                        0x42
  P2-1                        0x000010    0x42  <Init block>
    .near.data       inited   0x000010     0x3  epdif.o [1]
    .near.data       inited   0x000013     0x3  epdif.o [1]
    .near.data       inited   0x000016     0x3  epdif.o [1]
    .near.data       inited   0x000019     0x3  epdif.o [1]
    .near.data       inited   0x00001c     0x6  font12.o [1]
    .near.data       inited   0x000022     0x8  pcf8563_i2c.o [1]
    .near.data       inited   0x00002a    0x28  xfiles.o [4]
                            - 0x000052    0x42

"P2", part 2 of 3:                       0x100
  HEAP                        0x000052   0x100  <Block>
    HEAP             uninit   0x000052   0x100  <Block tail>
                            - 0x000152   0x100

"P2", part 3 of 3:                       0x47a
  .near.bss          zero     0x000152   0x400  main.o [1]
  .near.bss          zero     0x000552    0x50  xfiles.o [4]
  .near.bss          zero     0x0005a2     0xe  setlocale.o [4]
  .near.bss          zero     0x0005b0     0xc  epdif.o [1]
  .near.bss          zero     0x0005bc     0x8  pcf8563_i2c.o [1]
  .near.bss          zero     0x0005c4     0x4  xxmemxmalloc.o [4]
  .near.bss          zero     0x0005c8     0x2  setlocale.o [4]
  .near.bss          zero     0x0005ca     0x2  xgetmemchunk.o [4]
                            - 0x0005cc   0x47a

"A2":                                    0x100
  CSTACK                      0x000700   0x100  <Block>
    CSTACK           uninit   0x000700   0x100  <Block tail>
                            - 0x000800   0x100

"A3":                                     0x80
  INTVEC                      0x008000    0x80  <Block>
    .intvec          const    0x008000    0x80  interrupt.o [4]
                            - 0x008080    0x80

"P3":                                   0x4027
  .near.rodata       const    0x008080   0xfa0  imagedata.o [1]
  .near.rodata       const    0x009020   0x474  font12.o [1]
  .near_func.text    ro code  0x009494   0x43a  xprintfsmall.o [4]
  .near_func.text    ro code  0x0098ce   0x2fc  main.o [1]
  .near_func.text    ro code  0x009bca   0x1db  xprintfsmall.o [4]
  .near_func.text    ro code  0x009da5   0x1bb  stm8l15x_i2c.o [1]
  .near_func.text    ro code  0x009f60   0x18a  long.o [4]
  .near_func.text    ro code  0x00a0ea   0x171  xprintfsmall.o [4]
  .near_func.text    ro code  0x00a25b   0x16c  vreg_util.o [4]
  .near_func.text    ro code  0x00a3c7   0x16a  epdpaint.o [1]
  .near_func.text    ro code  0x00a531   0x12f  epd2in13.o [1]
  .near_func.text    ro code  0x00a660    0xfa  epd2in13.o [1]
  .near_func.text    ro code  0x00a75a    0xf5  epdpaint.o [1]
  .near_func.text    ro code  0x00a84f    0xf5  epdpaint.o [1]
  .near_func.text    ro code  0x00a944    0xdb  xxmemxfree.o [4]
  .near_func.text    ro code  0x00aa1f    0xd3  stm8l15x_usart.o [1]
  .near_func.text    ro code  0x00aaf2    0xc8  epdpaint.o [1]
  .near_func.text    ro code  0x00abba    0xc1  epdpaint.o [1]
  .near_func.text    ro code  0x00ac7b    0xb9  pcf8563_i2c.o [1]
  .near_func.text    ro code  0x00ad34    0xaf  stm8l15x_gpio.o [1]
  .near_func.text    ro code  0x00ade3    0xad  pcf8563_i2c.o [1]
  .near_func.text    ro code  0x00ae90    0x94  stm8l15x_usart.o [1]
  .near_func.text    ro code  0x00af24    0x94  xxmemxmalloc.o [4]
  .near_func.text    ro code  0x00afb8    0x93  stm8l15x_clk.o [1]
  .near_func.text    ro code  0x00b04b    0x8e  stm8l15x_clk.o [1]
  .near_func.text    ro code  0x00b0d9    0x84  epd2in13.o [1]
  .near_func.text    ro code  0x00b15d    0x6e  epdif.o [1]
  .near_func.text    ro code  0x00b1cb    0x6e  stm8l15x_i2c.o [1]
  .near_func.text    ro code  0x00b239    0x5f  user_usart.o [1]
  .near_func.text    ro code  0x00b298    0x5f  short.o [4]
  .near_func.text    ro code  0x00b2f7    0x5f  xxmemxmalloc.o [4]
  .near_func.text    ro code  0x00b356    0x5d  epdpaint.o [1]
  .near_func.text    ro code  0x00b3b3    0x5c  epdpaint.o [1]
  .near_func.text    ro code  0x00b40f    0x59  stm8l15x_spi.o [1]
  .near_func.text    ro code  0x00b468    0x58  epd2in13.o [1]
  .near_func.text    ro code  0x00b4c0    0x57  long_util.o [4]
  .near_func.text    ro code  0x00b517    0x50  epdpaint.o [1]
  .near_func.text    ro code  0x00b567    0x4c  stm8l15x_i2c.o [1]
  .near_func.text    ro code  0x00b5b3    0x4b  stm8l15x_i2c.o [1]
  .near_func.text    ro code  0x00b5fe    0x48  epd2in13.o [1]
  .near_func.text    ro code  0x00b646    0x42  epdpaint.o [1]
  Initializer bytes  const    0x00b688    0x42  <for P2-1>
  .near_func.text    ro code  0x00b6ca    0x41  epdpaint.o [1]
  .near_func.text    ro code  0x00b70b    0x3f  xprintfsmall.o [4]
  .near_func.text    ro code  0x00b74a    0x3e  stm8l15x_usart.o [1]
  .near_func.text    ro code  0x00b788    0x3d  epd2in13.o [1]
  .near_func.text    ro code  0x00b7c5    0x3a  epdif.o [1]
  .near_func.text    ro code  0x00b7ff    0x39  main.o [1]
  .near_func.text    ro code  0x00b838    0x36  xprintfsmall.o [4]
  .near_func.text    ro code  0x00b86e    0x35  xprintfsmall.o [4]
  .near_func.text    ro code  0x00b8a3    0x34  pcf8563_i2c.o [1]
  .near_func.text    ro code  0x00b8d7    0x33  xencoding_sb.o [4]
  .near_func.text    ro code  0x00b90a    0x32  epd2in13.o [1]
  .near_func.text    ro code  0x00b93c    0x31  epdhardware.o [1]
  .near_func.text    ro code  0x00b96d    0x31  epdhardware.o [1]
  .near_func.text    ro code  0x00b99e    0x2f  epdhardware.o [1]
  .near_func.text    ro code  0x00b9cd    0x2f  epdif.o [1]
  .near_func.text    ro code  0x00b9fc    0x2f  xprintfsmall.o [4]
  .near_func.text    ro code  0x00ba2b    0x2c  stm8l15x_gpio.o [1]
  .near_func.text    ro code  0x00ba57    0x2b  stm8l15x_i2c.o [1]
  .near_func.text    ro code  0x00ba82    0x2b  stm8l15x_i2c.o [1]
  .near_func.text    ro code  0x00baad    0x2b  stm8l15x_i2c.o [1]
  .near_func.text    ro code  0x00bad8    0x2b  stm8l15x_usart.o [1]
  .near_func.text    ro code  0x00bb03    0x29  epd2in13.o [1]
  .near_func.text    ro code  0x00bb2c    0x28  init_small.o [4]
  .near_func.text    ro code  0x00bb54    0x27  epd2in13.o [1]
  .near_func.text    ro code  0x00bb7b    0x27  epd2in13.o [1]
  .near_func.text    ro code  0x00bba2    0x26  epd2in13.o [1]
  .near_func.text    ro code  0x00bbc8    0x26  epdif.o [1]
  .near_func.text    ro code  0x00bbee    0x25  memcpy.o [4]
  .near_func.text    ro code  0x00bc13    0x22  epdhardware.o [1]
  .near_func.text    ro code  0x00bc35    0x21  xmbtowc.o [4]
  .iar.init_table    const    0x00bc56    0x12  - Linker created -
  .near_func.text    ro code  0x00bc68    0x20  printf.o [4]
  .near.rodata       const    0x00bc88    0x1e  epd2in13.o [1]
  .near.rodata       const    0x00bca6    0x1e  epd2in13.o [1]
  .near_func.text    ro code  0x00bcc4    0x1e  stm8l15x_i2c.o [1]
  .near_func.text    ro code  0x00bce2    0x1e  stm8l15x_spi.o [1]
  .near_func.text    ro code  0x00bd00    0x1e  init_small.o [4]
  .near.rodata       const    0x00bd1e    0x1d  main.o [1]
  .near_func.text    ro code  0x00bd3b    0x1c  xwctomb.o [4]
  .near_func.text    ro code  0x00bd57    0x1b  xprout.o [4]
  .near.rodata       const    0x00bd72    0x19  main.o [1]
  .near_func.text    ro code  0x00bd8b    0x19  epd2in13.o [1]
  .near_func.text    ro code  0x00bda4    0x19  xgetmemchunk.o [4]
  .near_func.text    ro code  0x00bdbd    0x18  dc_util.o [4]
  .near_func.text    ro code  0x00bdd5    0x18  memchr.o [4]
  .near_func.text    ro code  0x00bded    0x18  xencoding_sb.o [4]
  .near_func.text    ro code  0x00be05    0x17  init.o [4]
  .near.rodata       const    0x00be1c    0x15  main.o [1]
  .near_func.text    ro code  0x00be31    0x15  strchr.o [4]
  .near_func.text    ro code  0x00be46    0x14  epdif.o [1]
  .near_func.text    ro code  0x00be5a    0x14  xprintfsmall.o [4]
  .near_func.text    ro code  0x00be6e    0x14  xprintfsmall.o [4]
  .near_func.text    ro code  0x00be82    0x14  __dbg_xxexit.o [3]
  .near_func.text    ro code  0x00be96    0x13  cstartup.o [4]
  .near_func.text    ro code  0x00bea9    0x12  stm8l15x_gpio.o [1]
  .near_func.text    ro code  0x00bebb    0x12  strlen.o [4]
  .near.rodata       const    0x00becd    0x11  main.o [1]
  .near_func.text    ro code  0x00bede    0x11  stm8l15x_i2c.o [1]
  .near_func.text    ro code  0x00beef    0x11  stm8l15x_spi.o [1]
  .near_func.text    ro code  0x00bf00    0x10  epd2in13.o [1]
  .near_func.text    ro code  0x00bf10    0x10  epd2in13.o [1]
  .near_func.text    ro code  0x00bf20    0x10  xprintfsmall.o [4]
  .near_func.text    ro code  0x00bf30     0xe  stm8l15x_clk.o [1]
  .near.rodata       const    0x00bf3e     0xd  main.o [1]
  .near_func.text    ro code  0x00bf4b     0xd  move.o [4]
  .near_func.text    ro code  0x00bf58     0xc  epdif.o [1]
  .near_func.text    ro code  0x00bf64     0xc  setlocale.o [4]
  .near.rodata       const    0x00bf70     0xb  main.o [1]
  .near_func.text    ro code  0x00bf7b     0xb  xprintfsmall.o [4]
  .near_func.text    ro code  0x00bf86     0xa  user_usart.o [1]
  .near_func.text    ro code  0x00bf90     0xa  xprintfsmall.o [4]
  .near_func.text    ro code  0x00bf9a     0xa  xprintfsmall.o [4]
  .near_func.text    ro code  0x00bfa4     0x9  stm8l15x_gpio.o [1]
  .near_func.text    ro code  0x00bfad     0x9  xprintfsmall.o [4]
  .near_func.text    ro code  0x00bfb6     0x9  xprintfsmall.o [4]
  .near_func.text    ro code  0x00bfbf     0x9  xprintfsmall.o [4]
  .near_func.text    ro code  0x00bfc8     0x9  xprintfsmall.o [4]
  .near_func.text    ro code  0x00bfd1     0x9  xprintfsmall.o [4]
  .near.rodata       const    0x00bfda     0x8  xprintfsmall.o [4]
  .near.rodata       const    0x00bfe2     0x8  xprintfsmall.o [4]
  .near.rodata       const    0x00bfea     0x8  xencoding_sb.o [4]
  .near.rodata       const    0x00bff2     0x8  xencoding_sb.o [4]
  .near_func.text    ro code  0x00bffa     0x8  stm8l15x_i2c.o [1]
  .near_func.text    ro code  0x00c002     0x8  stm8l15x_spi.o [1]
  .near_func.text    ro code  0x00c00a     0x8  xprintfsmall.o [4]
  .near_func.text    ro code  0x00c012     0x8  xprintfsmall.o [4]
  .near_func.text    ro code  0x00c01a     0x8  xxmemxmalloc.o [4]
  .near.rodata       const    0x00c022     0x7  xprintfsmall.o [4]
  .near_func.text    ro code  0x00c029     0x7  stm8l15x_gpio.o [1]
  .near_func.text    ro code  0x00c030     0x7  xprintfsmall.o [4]
  .near_func.text    ro code  0x00c037     0x7  xprintfsmall.o [4]
  .near_func.text    ro code  0x00c03e     0x7  xxmemxmalloc.o [4]
  .near_func.text    ro code  0x00c045     0x7  putchar.o [4]
  .near_func.text    ro code  0x00c04c     0x6  xprintfsmall.o [4]
  .near_func.text    ro code  0x00c052     0x6  xprintfsmall.o [4]
  .near_func.text    ro code  0x00c058     0x6  xprintfsmall.o [4]
  .near_func.text    ro code  0x00c05e     0x6  xprintfsmall.o [4]
  .near_func.text    ro code  0x00c064     0x6  xmbcurmax.o [4]
  .near.rodata       const    0x00c06a     0x5  stm8l15x_clk.o [1]
  .near_func.text    ro code  0x00c06f     0x5  stm8l15x_i2c.o [1]
  .near_func.text    ro code  0x00c074     0x5  stm8l15x_spi.o [1]
  .near_func.text    ro code  0x00c079     0x5  xprintfsmall.o [4]
  .near_func.text    ro code  0x00c07e     0x5  xprintfsmall.o [4]
  .near_func.text    ro code  0x00c083     0x5  xprintfsmall.o [4]
  .near_func.text    ro code  0x00c088     0x5  xprintfsmall.o [4]
  .near_func.text    ro code  0x00c08d     0x5  cexit.o [4]
  .near_func.text    ro code  0x00c092     0x4  stm8l15x_clk.o [1]
  .near_func.text    ro code  0x00c096     0x4  setlocale.o [4]
  .near_func.text    ro code  0x00c09a     0x3  interrupt.o [4]
  .near_func.text    ro code  0x00c09d     0x3  low_level_init.o [4]
  .near_func.text    ro code  0x00c0a0     0x3  exit.o [4]
  .near_func.text    ro code  0x00c0a3     0x3  unhandled_exception.o [4]
  .near_func.text    ro code  0x00c0a6     0x1  __dbg_break.o [3]
                            - 0x00c0a7  0x4027


*******************************************************************************
*** INIT TABLE
***

          Address   Size
          -------   ----
Zero (__iar_zero_init2)
    1 destination range, total size 0x47a:
          0x000152  0x47a

Copy (__iar_copy_init2)
    1 source range, total size 0x42:
          0x00b688   0x42
    1 destination range, total size 0x42:
          0x000010   0x42



*******************************************************************************
*** MODULE SUMMARY
***

    Module                 ro code  ro data  rw data
    ------                 -------  -------  -------
C:\Users\HaiFeng\Desktop\stm8l151\Debug\Obj: [1]
    epd2in13.o               1 170       60
    epdhardware.o              179
    epdif.o                    285       12       24
    epdpaint.o               1 641
    font12.o                          1 146        6
    imagedata.o                       4 000
    main.o                     821      116    1 024
    pcf8563_i2c.o              410        8       16
    stm8l15x_clk.o             307        5
    stm8l15x_gpio.o            253
    stm8l15x_i2c.o             893
    stm8l15x_spi.o             149
    stm8l15x_usart.o           464
    user_usart.o               105
    ------------------------------------------------
    Total:                   6 677    5 347    1 070

command line: [2]
    ------------------------------------------------
    Total:

dbgstm8smd.a: [3]
    __dbg_break.o                1
    __dbg_xxexit.o              20
    ------------------------------------------------
    Total:                      21

dlstm8smf.a: [4]
    cexit.o                      5
    cstartup.o                  19
    dc_util.o                   24
    exit.o                       3
    init.o                      23
    init_small.o                70
    interrupt.o                  3      128
    long.o                     394
    long_util.o                 87
    low_level_init.o             3
    memchr.o                    24
    memcpy.o                    37
    move.o                      13
    printf.o                    32
    putchar.o                    7
    setlocale.o                 16                16
    short.o                     95
    strchr.o                    21
    strlen.o                    18
    unhandled_exception.o        3
    vreg_util.o                364
    vregs.o                                       16
    xencoding_sb.o              75       16
    xfiles.o                             40      120
    xgetmemchunk.o              25                 2
    xmbcurmax.o                  6
    xmbtowc.o                   33
    xprintfsmall.o           2 349       23
    xprout.o                    27
    xwctomb.o                   28
    xxmemxfree.o               219
    xxmemxmalloc.o             258                 4
    ------------------------------------------------
    Total:                   4 281      207      158

    Linker created                       18      512
----------------------------------------------------
    Grand Total:            10 979    5 572    1 740


*******************************************************************************
*** ENTRY LIST
***

Entry                    Address   Size  Type      Object
-----                    -------   ----  ----      ------
.iar.init_table$$Base   0x00bc56          --   Gb  - Linker created -
.iar.init_table$$Limit  0x00bc68          --   Gb  - Linker created -
?and32_l0_l0_0x         0x00a0a9         Code  Gb  long.o [4]
?and32_l0_l0_l1         0x00a0a6         Code  Gb  long.o [4]
?b0                     0x000000         Data  Gb  vregs.o [4]
?b1                     0x000001         Data  Gb  vregs.o [4]
?b10                    0x00000a         Data  Gb  vregs.o [4]
?b11                    0x00000b         Data  Gb  vregs.o [4]
?b12                    0x00000c         Data  Gb  vregs.o [4]
?b13                    0x00000d         Data  Gb  vregs.o [4]
?b14                    0x00000e         Data  Gb  vregs.o [4]
?b15                    0x00000f         Data  Gb  vregs.o [4]
?b2                     0x000002         Data  Gb  vregs.o [4]
?b3                     0x000003         Data  Gb  vregs.o [4]
?b4                     0x000004         Data  Gb  vregs.o [4]
?b5                     0x000005         Data  Gb  vregs.o [4]
?b6                     0x000006         Data  Gb  vregs.o [4]
?b7                     0x000007         Data  Gb  vregs.o [4]
?b8                     0x000008         Data  Gb  vregs.o [4]
?b9                     0x000009         Data  Gb  vregs.o [4]
?dc32_l1                0x00bdbd         Code  Gb  dc_util.o [4]
?dc32_px                0x00bdca         Code  Gb  dc_util.o [4]
?dec32_0x_0x            0x009f8d         Code  Gb  long.o [4]
?dec32_l0_l0            0x009f88         Code  Gb  long.o [4]
?e0                     0x000001         Data  Gb  vregs.o [4]
?e1                     0x000005         Data  Gb  vregs.o [4]
?e2                     0x000009         Data  Gb  vregs.o [4]
?e3                     0x00000d         Data  Gb  vregs.o [4]
?epilogue_l2            0x00a2fa         Code  Gb  vreg_util.o [4]
?epilogue_l2_l3         0x00a2f7         Code  Gb  vreg_util.o [4]
?epilogue_l2_w6         0x00a2fe         Code  Gb  vreg_util.o [4]
?epilogue_w4            0x00a305         Code  Gb  vreg_util.o [4]
?inc32_0x_0x            0x009f7a         Code  Gb  long.o [4]
?inc32_l0_l0            0x009f70         Code  Gb  long.o [4]
?inc32_l2_l2            0x009f75         Code  Gb  long.o [4]
?l0                     0x000000         Data  Gb  vregs.o [4]
?l1                     0x000004         Data  Gb  vregs.o [4]
?l2                     0x000008         Data  Gb  vregs.o [4]
?l3                     0x00000c         Data  Gb  vregs.o [4]
?load32_0x_l0           0x00b509         Code  Gb  long_util.o [4]
?load32_asp_l0          0x00b4fd         Code  Gb  long_util.o [4]
?load32_dbsp_l0         0x00b4f8         Code  Gb  long_util.o [4]
?load32_l0_0x           0x00b4d0         Code  Gb  long_util.o [4]
?load32_l0_asp          0x00b4c5         Code  Gb  long_util.o [4]
?load32_l0_dbsp         0x00b4c0         Code  Gb  long_util.o [4]
?load32_l0_xsp          0x00b4c7         Code  Gb  long_util.o [4]
?load32_l1_0x           0x00b4ec         Code  Gb  long_util.o [4]
?load32_l1_asp          0x00b4e1         Code  Gb  long_util.o [4]
?load32_l1_dbsp         0x00b4dc         Code  Gb  long_util.o [4]
?load32_l1_xsp          0x00b4e3         Code  Gb  long_util.o [4]
?load32_xsp_l0          0x00b4ff         Code  Gb  long_util.o [4]
?mov_e0_e2              0x00a37c         Code  Gb  vreg_util.o [4]
?mov_e0_e3              0x00a389         Code  Gb  vreg_util.o [4]
?mov_e1_e0              0x00a396         Code  Gb  vreg_util.o [4]
?mov_e2_e0              0x00a3a3         Code  Gb  vreg_util.o [4]
?mov_e2_e3              0x00a3b0         Code  Gb  vreg_util.o [4]
?mov_e3_e0              0x00a3bd         Code  Gb  vreg_util.o [4]
?mov_l0_l2              0x00a379         Code  Gb  vreg_util.o [4]
?mov_l0_l3              0x00a386         Code  Gb  vreg_util.o [4]
?mov_l1_l0              0x00a393         Code  Gb  vreg_util.o [4]
?mov_l2_l0              0x00a3a0         Code  Gb  vreg_util.o [4]
?mov_l2_l3              0x00a3ad         Code  Gb  vreg_util.o [4]
?mov_l3_l0              0x00a3ba         Code  Gb  vreg_util.o [4]
?mov_w0_w4              0x00a309         Code  Gb  vreg_util.o [4]
?mov_w0_w5              0x00a310         Code  Gb  vreg_util.o [4]
?mov_w0_w6              0x00a317         Code  Gb  vreg_util.o [4]
?mov_w1_w4              0x00a31e         Code  Gb  vreg_util.o [4]
?mov_w1_w5              0x00a37f         Code  Gb  vreg_util.o [4]
?mov_w1_w6              0x00a325         Code  Gb  vreg_util.o [4]
?mov_w1_w7              0x00a38c         Code  Gb  vreg_util.o [4]
?mov_w2_w1              0x00a32c         Code  Gb  vreg_util.o [4]
?mov_w3_w0              0x00a333         Code  Gb  vreg_util.o [4]
?mov_w3_w1              0x00a399         Code  Gb  vreg_util.o [4]
?mov_w4_w0              0x00a33a         Code  Gb  vreg_util.o [4]
?mov_w4_w1              0x00a341         Code  Gb  vreg_util.o [4]
?mov_w5_w0              0x00a348         Code  Gb  vreg_util.o [4]
?mov_w5_w1              0x00a3a6         Code  Gb  vreg_util.o [4]
?mov_w5_w2              0x00a34f         Code  Gb  vreg_util.o [4]
?mov_w5_w6              0x00a356         Code  Gb  vreg_util.o [4]
?mov_w5_w7              0x00a3b3         Code  Gb  vreg_util.o [4]
?mov_w6_w0              0x00a35d         Code  Gb  vreg_util.o [4]
?mov_w6_w1              0x00a364         Code  Gb  vreg_util.o [4]
?mov_w6_w2              0x00a36b         Code  Gb  vreg_util.o [4]
?mov_w7_w1              0x00a3c0         Code  Gb  vreg_util.o [4]
?mov_w7_w2              0x00a372         Code  Gb  vreg_util.o [4]
?move1616_v_x_y_a       0x00bf4b         Code  Gb  move.o [4]
?mul16_x_x_w0           0x00b298         Code  Gb  short.o [4]
?mul32_l0_l0_0x         0x009fa4         Code  Gb  long.o [4]
?mul32_l0_l0_dl         0x009fa1         Code  Gb  long.o [4]
?mul32_l0_l0_l1         0x009fad         Code  Gb  long.o [4]
?neg32_l0_l0            0x009f60         Code  Gb  long.o [4]
?pop_l1                 0x00a2ce         Code  Gb  vreg_util.o [4]
?pop_l2                 0x00a2d9         Code  Gb  vreg_util.o [4]
?pop_l3                 0x00a2e4         Code  Gb  vreg_util.o [4]
?pop_w4                 0x00a28c         Code  Gb  vreg_util.o [4]
?pop_w6                 0x00a293         Code  Gb  vreg_util.o [4]
?push_l0                0x00a2a2         Code  Gb  vreg_util.o [4]
?push_l2                0x00a2a7         Code  Gb  vreg_util.o [4]
?push_l3                0x00a2ac         Code  Gb  vreg_util.o [4]
?push_w0                0x00a25b         Code  Gb  vreg_util.o [4]
?push_w1                0x00a260         Code  Gb  vreg_util.o [4]
?push_w2                0x00a265         Code  Gb  vreg_util.o [4]
?push_w3                0x00a26a         Code  Gb  vreg_util.o [4]
?push_w4                0x00a26f         Code  Gb  vreg_util.o [4]
?push_w6                0x00a274         Code  Gb  vreg_util.o [4]
?sdiv16_x_x_y           0x00b2b6         Code  Gb  short.o [4]
?sext32_l0_a            0x00a0dd         Code  Gb  long.o [4]
?sext32_l0_x            0x00a0d2         Code  Gb  long.o [4]
?sll16_x_x_a            0x00b2df         Code  Gb  short.o [4]
?sll32_0x_0x_a          0x00a0c4         Code  Gb  long.o [4]
?sll32_l0_l0_a          0x00a0c1         Code  Gb  long.o [4]
?smod16_y_x_y           0x00b2cf         Code  Gb  short.o [4]
?sra16_x_x_a            0x00b2e7         Code  Gb  short.o [4]
?srl16_x_x_4            0x00b2f2         Code  Gb  short.o [4]
?srl16_x_x_5            0x00b2f1         Code  Gb  short.o [4]
?srl16_x_x_6            0x00b2f0         Code  Gb  short.o [4]
?srl16_x_x_7            0x00b2ef         Code  Gb  short.o [4]
?ucmp32_c_l0_l1         0x00a09b         Code  Gb  long.o [4]
?udiv32_l0_l0_dl        0x00a02b         Code  Gb  long.o [4]
?udiv32_l0_l0_l1        0x00a02e         Code  Gb  long.o [4]
?umod32_l1_l0_l1        0x00a02e         Code  Gb  long.o [4]
?w0                     0x000000         Data  Gb  vregs.o [4]
?w1                     0x000002         Data  Gb  vregs.o [4]
?w2                     0x000004         Data  Gb  vregs.o [4]
?w3                     0x000006         Data  Gb  vregs.o [4]
?w4                     0x000008         Data  Gb  vregs.o [4]
?w5                     0x00000a         Data  Gb  vregs.o [4]
?w6                     0x00000c         Data  Gb  vregs.o [4]
?w7                     0x00000e         Data  Gb  vregs.o [4]
CLK_GetClockFreq        0x00afb8   0x93  Code  Gb  stm8l15x_clk.o [1]
CLK_HSICmd              0x00bf30    0xe  Code  Gb  stm8l15x_clk.o [1]
CLK_PeripheralClockConfig
                        0x00b04b   0x8e  Code  Gb  stm8l15x_clk.o [1]
CLK_SYSCLKSourceConfig  0x00c092    0x4  Code  Gb  stm8l15x_clk.o [1]
CSTACK$$Base            0x000700          --   Gb  - Linker created -
CSTACK$$Limit           0x000800          --   Gb  - Linker created -
EPD_ClearFrameMemory    0x00b0d9   0x84  Code  Gb  epd2in13.o [1]
EPD_DelayMs             0x00bf10   0x10  Code  Gb  epd2in13.o [1]
EPD_DigitalRead         0x00bf00   0x10  Code  Gb  epd2in13.o [1]
EPD_DigitalWrite        0x00bd8b   0x19  Code  Gb  epd2in13.o [1]
EPD_DisplayFrame        0x00bb03   0x29  Code  Gb  epd2in13.o [1]
EPD_Init                0x00a660   0xfa  Code  Gb  epd2in13.o [1]
EPD_Reset               0x00b90a   0x32  Code  Gb  epd2in13.o [1]
EPD_SendCommand         0x00bb54   0x27  Code  Gb  epd2in13.o [1]
EPD_SendData            0x00bb7b   0x27  Code  Gb  epd2in13.o [1]
EPD_SetFrameMemory      0x00a531  0x12f  Code  Gb  epd2in13.o [1]
EPD_SetLut              0x00b5fe   0x48  Code  Lc  epd2in13.o [1]
EPD_SetMemoryArea       0x00b468   0x58  Code  Lc  epd2in13.o [1]
EPD_SetMemoryPointer    0x00b788   0x3d  Code  Lc  epd2in13.o [1]
EPD_WaitUntilIdle       0x00bba2   0x26  Code  Gb  epd2in13.o [1]
EpdDelayMsCallback      0x00bf58    0xc  Code  Gb  epdif.o [1]
EpdDigitalReadCallback  0x00b9cd   0x2f  Code  Gb  epdif.o [1]
EpdDigitalWriteCallback
                        0x00b15d   0x6e  Code  Gb  epdif.o [1]
EpdInitCallback         0x00b7c5   0x3a  Code  Gb  epdif.o [1]
EpdSpiTransferCallback  0x00bbc8   0x26  Code  Gb  epdif.o [1]
Font12                  0x00001c    0x6  Data  Gb  font12.o [1]
Font12_Table            0x009020  0x474  Data  Gb  font12.o [1]
GPIO_ExternalPullUpConfig
                        0x00ba2b   0x2c  Code  Gb  stm8l15x_gpio.o [1]
GPIO_Init               0x00ad34   0xaf  Code  Gb  stm8l15x_gpio.o [1]
GPIO_ReadInputDataBit   0x00bfa4    0x9  Code  Gb  stm8l15x_gpio.o [1]
GPIO_SetBits            0x00c029    0x7  Code  Gb  stm8l15x_gpio.o [1]
GPIO_WriteBit           0x00bea9   0x12  Code  Gb  stm8l15x_gpio.o [1]
HEAP$$Base              0x000052          --   Gb  - Linker created -
HEAP$$Limit             0x000152          --   Gb  - Linker created -
I2C_AcknowledgeConfig   0x00baad   0x2b  Code  Gb  stm8l15x_i2c.o [1]
I2C_CheckEvent          0x00b1cb   0x6e  Code  Gb  stm8l15x_i2c.o [1]
I2C_Cmd                 0x00bede   0x11  Code  Gb  stm8l15x_i2c.o [1]
I2C_DeInit              0x00b567   0x4c  Code  Gb  stm8l15x_i2c.o [1]
I2C_GenerateSTART       0x00ba57   0x2b  Code  Gb  stm8l15x_i2c.o [1]
I2C_GenerateSTOP        0x00ba82   0x2b  Code  Gb  stm8l15x_i2c.o [1]
I2C_GetFlagStatus       0x00b5b3   0x4b  Code  Gb  stm8l15x_i2c.o [1]
I2C_Init                0x009da5  0x1bb  Code  Gb  stm8l15x_i2c.o [1]
I2C_ReceiveData         0x00c06f    0x5  Code  Gb  stm8l15x_i2c.o [1]
I2C_Send7bitAddress     0x00bcc4   0x1e  Code  Gb  stm8l15x_i2c.o [1]
I2C_SendData            0x00bffa    0x8  Code  Gb  stm8l15x_i2c.o [1]
IMAGE_DATA              0x008080  0xfa0  Data  Gb  imagedata.o [1]
INTVEC$$Base            0x008000          --   Gb  - Linker created -
INTVEC$$Limit           0x008080          --   Gb  - Linker created -
LoadInt                 0x00b70b   0x3f  Code  Lc  xprintfsmall.o [4]
PCF8563_Read_Time       0x00ade3   0xad  Code  Gb  pcf8563_i2c.o [1]
Paint_Clear             0x00b517   0x50  Code  Gb  epdpaint.o [1]
Paint_DrawAbsolutePixel
                        0x00a75a   0xf5  Code  Gb  epdpaint.o [1]
Paint_DrawCharAt        0x00a84f   0xf5  Code  Gb  epdpaint.o [1]
Paint_DrawHorizontalLine
                        0x00b6ca   0x41  Code  Gb  epdpaint.o [1]
Paint_DrawLine          0x00aaf2   0xc8  Code  Gb  epdpaint.o [1]
Paint_DrawPixel         0x00a3c7  0x16a  Code  Gb  epdpaint.o [1]
Paint_DrawRectangle     0x00abba   0xc1  Code  Gb  epdpaint.o [1]
Paint_DrawStringAt      0x00b356   0x5d  Code  Gb  epdpaint.o [1]
Paint_DrawVerticalLine  0x00b646   0x42  Code  Gb  epdpaint.o [1]
Paint_Init              0x00b3b3   0x5c  Code  Gb  epdpaint.o [1]
Region$$Table$$Base     0x00bc56          --   Gb  - Linker created -
Region$$Table$$Limit    0x00bc68          --   Gb  - Linker created -
SPI_Cmd                 0x00beef   0x11  Code  Gb  stm8l15x_spi.o [1]
SPI_GetFlagStatus       0x00bce2   0x1e  Code  Gb  stm8l15x_spi.o [1]
SPI_Init                0x00b40f   0x59  Code  Gb  stm8l15x_spi.o [1]
SPI_ReceiveData         0x00c074    0x5  Code  Gb  stm8l15x_spi.o [1]
SPI_SendData            0x00c002    0x8  Code  Gb  stm8l15x_spi.o [1]
SYSDivFactor            0x00c06a    0x5  Data  Gb  stm8l15x_clk.o [1]
USART_Cmd               0x00bad8   0x2b  Code  Gb  stm8l15x_usart.o [1]
USART_DeInit            0x00b74a   0x3e  Code  Gb  stm8l15x_usart.o [1]
USART_ITConfig          0x00ae90   0x94  Code  Gb  stm8l15x_usart.o [1]
USART_Init              0x00aa1f   0xd3  Code  Gb  stm8l15x_usart.o [1]
_EncodingSb_Mbtowc      0x00b8d7   0x33  Code  Gb  xencoding_sb.o [4]
_EncodingSb_Wctomb      0x00bded   0x18  Code  Gb  xencoding_sb.o [4]
_LitobSmall             0x00a0ea  0x171  Code  Lc  xprintfsmall.o [4]
_LocaleEncoding         0x00bf64    0xc  Code  Gb  setlocale.o [4]
_Locale_Profile         0x0005a2    0xe  Data  Gb  setlocale.o [4]
_Mbtowc                 0x00bc35   0x21  Code  Gb  xmbtowc.o [4]
_PrintfSmall            0x009494  0x43a  Code  Gb  xprintfsmall.o [4]
_Prout                  0x00bd57   0x1b  Code  Gb  xprout.o [4]
_PutcharSmall           0x00b9fc   0x2f  Code  Lc  xprintfsmall.o [4]
_PutcharsSmall          0x00b86e   0x35  Code  Lc  xprintfsmall.o [4]
_PutstrSmall            0x009bca  0x1db  Code  Lc  xprintfsmall.o [4]
_Wctomb                 0x00bd3b   0x1c  Code  Gb  xwctomb.o [4]
__DebugBreak            0x00c0a6    0x1  Code  Gb  __dbg_break.o [3]
__exit                  0x00be82   0x14  Code  Gb  __dbg_xxexit.o [3]
__iar_Mbcurmax          0x00c064    0x6  Code  Gb  xmbcurmax.o [4]
__iar_Memchr            0x00bdd5   0x18  Code  Gb  memchr.o [4]
__iar_Stdout            0x00002a   0x28  Data  Gb  xfiles.o [4]
__iar_Strchr            0x00be31   0x15  Code  Gb  strchr.o [4]
__iar_Tls_setup__Locale_Profile
                        0x0005c8    0x2  Data  Gb  setlocale.o [4]
__iar_copy_init2        0x00bb2c         Code  Gb  init_small.o [4]
__iar_data_init2        0x00be05   0x17  Code  Gb  init.o [4]
__iar_program_start     0x00be96         Code  Gb  cstartup.o [4]
__iar_unhandled_exception
                        0x00c0a3         Code  Gb  unhandled_exception.o [4]
__iar_zero_init2        0x00bd00         Code  Gb  init_small.o [4]
__intvec                0x008000         Data  Gb  interrupt.o [4]
__low_level_init        0x00c09d    0x3  Code  Gb  low_level_init.o [4]
__near_Aldata           0x0005c4    0x4  Data  Gb  xxmemxmalloc.o [4]
__near_GetMemChunk      0x00bda4   0x19  Code  Gb  xgetmemchunk.o [4]
__near_findmem          0x00b2f7   0x5f  Code  Lc  xxmemxmalloc.o [4]
_exit                   0x00c08d         Code  Gb  cexit.o [4]
delay                   0x00b7ff   0x39  Code  Gb  main.o [1]
epdGPIOInit             0x00b93c   0x31  Code  Gb  epdhardware.o [1]
epd_Delay               0x00be46   0x14  Code  Gb  epdif.o [1]
epd_Init                0x00b96d   0x31  Code  Gb  epdhardware.o [1]
epd_LowLevel_Init       0x00bc13   0x22  Code  Gb  epdhardware.o [1]
epd_SendByte            0x00b99e   0x2f  Code  Gb  epdhardware.o [1]
epd_busy_pin            0x000019    0x3  Data  Gb  epdif.o [1]
epd_cs_pin              0x000010    0x3  Data  Gb  epdif.o [1]
epd_dc_pin              0x000016    0x3  Data  Gb  epdif.o [1]
epd_rst_pin             0x000013    0x3  Data  Gb  epdif.o [1]
exit                    0x00c0a0    0x3  Code  Gb  exit.o [4]
fputc                   0x00bf86    0xa  Code  Gb  user_usart.o [1]
frame_buffer            0x000152  0x400  Data  Gb  main.o [1]
free                    0x00a944   0xdb  Code  Gb  xxmemxfree.o [4]
lut_full_update         0x00bc88   0x1e  Data  Gb  epd2in13.o [1]
lut_partial_update      0x00bca6   0x1e  Data  Gb  epd2in13.o [1]
main                    0x0098ce  0x2fc  Code  Gb  main.o [1]
malloc                  0x00af24   0x94  Code  Gb  xxmemxmalloc.o [4]
memcpy                  0x00bbee   0x25  Code  Gb  memcpy.o [4]
obuf                    0x000552   0x50  Data  Lc  xfiles.o [4]
pad                     0x00b838   0x36  Code  Lc  xprintfsmall.o [4]
pcf8563ReadOneByte      0x00ac7b   0xb9  Code  Gb  pcf8563_i2c.o [1]
pins                    0x0005b0    0xc  Data  Gb  epdif.o [1]
printf                  0x00bc68   0x20  Code  Gb  printf.o [4]
putchar                 0x00c045    0x7  Code  Gb  putchar.o [4]
strlen                  0x00bebb   0x12  Code  Gb  strlen.o [4]
time_buf                0x0005bc    0x8  Data  Gb  pcf8563_i2c.o [1]
time_buf1               0x000022    0x8  Data  Gb  pcf8563_i2c.o [1]
uart1Init               0x00b239   0x5f  Code  Gb  user_usart.o [1]
userI2CInit             0x00b8a3   0x34  Code  Gb  pcf8563_i2c.o [1]


[1] = C:\Users\HaiFeng\Desktop\stm8l151\Debug\Obj
[2] = command line
[3] = dbgstm8smd.a
[4] = dlstm8smf.a

  10 979 bytes of readonly  code memory
   5 572 bytes of readonly  data memory
   1 740 bytes of readwrite data memory

Errors: none
Warnings: none
