###############################################################################
#
# IAR ELF Linker V2.20.1.176 for STM8                     21/Nov/2018  15:50:27
# Copyright 2010-2015 IAR Systems AB.
#
#    Output file  =  C:\Users\HaiFeng\Desktop\stm8l151\Debug\Exe\stm8l151.out
#    Map file     =  C:\Users\HaiFeng\Desktop\stm8l151\Debug\List\stm8l151.map
#    Command line =  
#        C:\Users\HaiFeng\Desktop\stm8l151\Debug\Obj\epd2in13.o
#        C:\Users\HaiFeng\Desktop\stm8l151\Debug\Obj\epdhardware.o
#        C:\Users\HaiFeng\Desktop\stm8l151\Debug\Obj\epdif.o
#        C:\Users\HaiFeng\Desktop\stm8l151\Debug\Obj\epdpaint.o
#        C:\Users\HaiFeng\Desktop\stm8l151\Debug\Obj\font12.o
#        C:\Users\HaiFeng\Desktop\stm8l151\Debug\Obj\font16.o
#        C:\Users\HaiFeng\Desktop\stm8l151\Debug\Obj\font20.o
#        C:\Users\HaiFeng\Desktop\stm8l151\Debug\Obj\font24.o
#        C:\Users\HaiFeng\Desktop\stm8l151\Debug\Obj\font8.o
#        C:\Users\HaiFeng\Desktop\stm8l151\Debug\Obj\imagedata.o
#        C:\Users\HaiFeng\Desktop\stm8l151\Debug\Obj\main.o
#        C:\Users\HaiFeng\Desktop\stm8l151\Debug\Obj\pcf8563_i2c.o
#        C:\Users\HaiFeng\Desktop\stm8l151\Debug\Obj\si7020_i2c.o
#        C:\Users\HaiFeng\Desktop\stm8l151\Debug\Obj\stm8l15x_adc.o
#        C:\Users\HaiFeng\Desktop\stm8l151\Debug\Obj\stm8l15x_aes.o
#        C:\Users\HaiFeng\Desktop\stm8l151\Debug\Obj\stm8l15x_beep.o
#        C:\Users\HaiFeng\Desktop\stm8l151\Debug\Obj\stm8l15x_clk.o
#        C:\Users\HaiFeng\Desktop\stm8l151\Debug\Obj\stm8l15x_comp.o
#        C:\Users\HaiFeng\Desktop\stm8l151\Debug\Obj\stm8l15x_dac.o
#        C:\Users\HaiFeng\Desktop\stm8l151\Debug\Obj\stm8l15x_dma.o
#        C:\Users\HaiFeng\Desktop\stm8l151\Debug\Obj\stm8l15x_exti.o
#        C:\Users\HaiFeng\Desktop\stm8l151\Debug\Obj\stm8l15x_flash.o
#        C:\Users\HaiFeng\Desktop\stm8l151\Debug\Obj\stm8l15x_gpio.o
#        C:\Users\HaiFeng\Desktop\stm8l151\Debug\Obj\stm8l15x_i2c.o
#        C:\Users\HaiFeng\Desktop\stm8l151\Debug\Obj\stm8l15x_irtim.o
#        C:\Users\HaiFeng\Desktop\stm8l151\Debug\Obj\stm8l15x_itc.o
#        C:\Users\HaiFeng\Desktop\stm8l151\Debug\Obj\stm8l15x_iwdg.o
#        C:\Users\HaiFeng\Desktop\stm8l151\Debug\Obj\stm8l15x_lcd.o
#        C:\Users\HaiFeng\Desktop\stm8l151\Debug\Obj\stm8l15x_pwr.o
#        C:\Users\HaiFeng\Desktop\stm8l151\Debug\Obj\stm8l15x_rst.o
#        C:\Users\HaiFeng\Desktop\stm8l151\Debug\Obj\stm8l15x_rtc.o
#        C:\Users\HaiFeng\Desktop\stm8l151\Debug\Obj\stm8l15x_spi.o
#        C:\Users\HaiFeng\Desktop\stm8l151\Debug\Obj\stm8l15x_syscfg.o
#        C:\Users\HaiFeng\Desktop\stm8l151\Debug\Obj\stm8l15x_tim1.o
#        C:\Users\HaiFeng\Desktop\stm8l151\Debug\Obj\stm8l15x_tim2.o
#        C:\Users\HaiFeng\Desktop\stm8l151\Debug\Obj\stm8l15x_tim3.o
#        C:\Users\HaiFeng\Desktop\stm8l151\Debug\Obj\stm8l15x_tim4.o
#        C:\Users\HaiFeng\Desktop\stm8l151\Debug\Obj\stm8l15x_tim5.o
#        C:\Users\HaiFeng\Desktop\stm8l151\Debug\Obj\stm8l15x_usart.o
#        C:\Users\HaiFeng\Desktop\stm8l151\Debug\Obj\stm8l15x_wfe.o
#        C:\Users\HaiFeng\Desktop\stm8l151\Debug\Obj\stm8l15x_wwdg.o
#        C:\Users\HaiFeng\Desktop\stm8l151\Debug\Obj\user_usart.o --redirect
#        _Printf=_PrintfSmall --redirect _Scanf=_ScanfSmall -o
#        C:\Users\HaiFeng\Desktop\stm8l151\Debug\Exe\stm8l151.out --map
#        C:\Users\HaiFeng\Desktop\stm8l151\Debug\List\stm8l151.map --config
#        "C:\Program Files (x86)\IAR Systems\Embedded Workbench
#        7.3\stm8\config\lnkstm8l151g6.icf" --config_def _CSTACK_SIZE=0x100
#        --config_def _HEAP_SIZE=0x100 --entry __iar_program_start --debug_lib
#
###############################################################################

*******************************************************************************
*** RUNTIME MODEL ATTRIBUTES
***

__Heap_Handler             = Basic
__SystemLibrary            = DLib
__code_model               = small
__core                     = stm8
__data_model               = medium
__dlib_file_descriptor     = 1
__dlib_full_locale_support = 1
__rt_version               = 4


*******************************************************************************
*** PLACEMENT SUMMARY
***

"A1":  place at start of [0x000000-0x0000ff] { rw section .vregs };
"A2":  place at end of [0x000000-0x0007ff] { block CSTACK };
"P2":  place in [from 0x000000 to 0x0007ff] {
          block HEAP, rw section __DLIB_PERTHREAD, rw section .far.bss,
          rw section .far.data, rw section .far.noinit,
          rw section .far_func.textrw, rw section .huge.bss,
          rw section .huge.data, rw section .huge.noinit,
          rw section .huge_func.textrw, rw section .iar.dynexit,
          rw section .near.bss, rw section .near.data, rw section .near.noinit,
          rw section .near_func.textrw };
"A3":  place at start of [0x008000-0x00ffff] { block INTVEC };
"P3":  place in [from 0x008000 to 0x00ffff] {
          ro section __DLIB_PERTHREAD_init, ro section .far.data_init,
          ro section .far_func.textrw_init, ro section .huge.data_init,
          ro section .huge_func.textrw_init, ro section .iar.init_table,
          ro section .init_array, ro section .near.data_init,
          ro section .near.rodata, ro section .near_func.text,
          ro section .near_func.textrw_init, ro section .tiny.data_init,
          ro section .tiny.rodata_init };

  Section            Kind      Address    Size  Object
  -------            ----      -------    ----  ------
"A1":                                     0x10
  .vregs             uninit   0x000000    0x10  vregs.o [4]
                            - 0x000010    0x10

"P2", part 1 of 3:                        0x4e
  P2-1                        0x000010    0x4e  <Init block>
    .near.data       inited   0x000010     0x3  epdif.o [1]
    .near.data       inited   0x000013     0x3  epdif.o [1]
    .near.data       inited   0x000016     0x3  epdif.o [1]
    .near.data       inited   0x000019     0x3  epdif.o [1]
    .near.data       inited   0x00001c     0x6  font12.o [1]
    .near.data       inited   0x000022     0x6  font24.o [1]
    .near.data       inited   0x000028     0x6  main.o [1]
    .near.data       inited   0x00002e     0x8  pcf8563_i2c.o [1]
    .near.data       inited   0x000036    0x28  xfiles.o [4]
                            - 0x00005e    0x4e

"P2", part 2 of 3:                       0x100
  HEAP                        0x00005e   0x100  <Block>
    HEAP             uninit   0x00005e   0x100  <Block tail>
                            - 0x00015e   0x100

"P2", part 3 of 3:                       0x47c
  .near.bss          zero     0x00015e   0x400  main.o [1]
  .near.bss          zero     0x00055e    0x50  xfiles.o [4]
  .near.bss          zero     0x0005ae     0xe  setlocale.o [4]
  .near.bss          zero     0x0005bc     0xc  epdif.o [1]
  .near.bss          zero     0x0005c8     0x8  pcf8563_i2c.o [1]
  .near.bss          zero     0x0005d0     0x4  xxmemxmalloc.o [4]
  .near.bss          zero     0x0005d4     0x2  main.o [1]
  .near.bss          zero     0x0005d6     0x2  setlocale.o [4]
  .near.bss          zero     0x0005d8     0x2  xgetmemchunk.o [4]
                            - 0x0005da   0x47c

"A2":                                    0x100
  CSTACK                      0x000700   0x100  <Block>
    CSTACK           uninit   0x000700   0x100  <Block tail>
                            - 0x000800   0x100

"A3":                                     0x80
  INTVEC                      0x008000    0x80  <Block>
    .intvec          const    0x008000    0x80  interrupt.o [4]
                            - 0x008080    0x80

"P3":                                   0x5e69
  .near.rodata       const    0x008080  0x1ab8  font24.o [1]
  .near.rodata       const    0x009b38   0xfa0  imagedata.o [1]
  .near.rodata       const    0x00aad8   0x474  font12.o [1]
  .near_func.text    ro code  0x00af4c   0x43a  xprintfsmall.o [4]
  .near_func.text    ro code  0x00b386   0x383  float.o [4]
  .near_func.text    ro code  0x00b709   0x30d  main.o [1]
  .near_func.text    ro code  0x00ba16   0x1db  xprintfsmall.o [4]
  .near_func.text    ro code  0x00bbf1   0x1bb  stm8l15x_i2c.o [1]
  .near_func.text    ro code  0x00bdac   0x18c  vreg_util.o [4]
  .near_func.text    ro code  0x00bf38   0x18a  long.o [4]
  .near_func.text    ro code  0x00c0c2   0x171  xprintfsmall.o [4]
  .near_func.text    ro code  0x00c233   0x16a  epdpaint.o [1]
  .near_func.text    ro code  0x00c39d   0x144  si7020_i2c.o [1]
  .near_func.text    ro code  0x00c4e1   0x12f  epd2in13.o [1]
  .near_func.text    ro code  0x00c610    0xfa  epd2in13.o [1]
  .near_func.text    ro code  0x00c70a    0xf5  epdpaint.o [1]
  .near_func.text    ro code  0x00c7ff    0xf5  epdpaint.o [1]
  .near_func.text    ro code  0x00c8f4    0xdb  xxmemxfree.o [4]
  .near_func.text    ro code  0x00c9cf    0xc8  epdpaint.o [1]
  .near_func.text    ro code  0x00ca97    0xc1  epdpaint.o [1]
  .near_func.text    ro code  0x00cb58    0xb9  pcf8563_i2c.o [1]
  .near_func.text    ro code  0x00cc11    0xaf  stm8l15x_gpio.o [1]
  .near_func.text    ro code  0x00ccc0    0xad  pcf8563_i2c.o [1]
  .near_func.text    ro code  0x00cd6d    0x94  xxmemxmalloc.o [4]
  .near_func.text    ro code  0x00ce01    0x93  stm8l15x_clk.o [1]
  .near_func.text    ro code  0x00ce94    0x8e  stm8l15x_clk.o [1]
  .near_func.text    ro code  0x00cf22    0x84  epd2in13.o [1]
  .near_func.text    ro code  0x00cfa6    0x6e  epdif.o [1]
  .near_func.text    ro code  0x00d014    0x6e  stm8l15x_i2c.o [1]
  .near_func.text    ro code  0x00d082    0x5f  short.o [4]
  .near_func.text    ro code  0x00d0e1    0x5f  xxmemxmalloc.o [4]
  .near_func.text    ro code  0x00d140    0x5d  epdpaint.o [1]
  .near_func.text    ro code  0x00d19d    0x5c  epdpaint.o [1]
  .near_func.text    ro code  0x00d1f9    0x59  stm8l15x_spi.o [1]
  .near_func.text    ro code  0x00d252    0x58  epd2in13.o [1]
  .near_func.text    ro code  0x00d2aa    0x50  epdpaint.o [1]
  Initializer bytes  const    0x00d2fa    0x4e  <for P2-1>
  .near_func.text    ro code  0x00d348    0x4c  stm8l15x_i2c.o [1]
  .near_func.text    ro code  0x00d394    0x4b  main.o [1]
  .near_func.text    ro code  0x00d3df    0x4b  stm8l15x_i2c.o [1]
  .near_func.text    ro code  0x00d42a    0x48  epd2in13.o [1]
  .near_func.text    ro code  0x00d472    0x47  long_util.o [4]
  .near_func.text    ro code  0x00d4b9    0x42  epdpaint.o [1]
  .near_func.text    ro code  0x00d4fb    0x41  epdpaint.o [1]
  .near_func.text    ro code  0x00d53c    0x3f  xprintfsmall.o [4]
  .near_func.text    ro code  0x00d57b    0x3d  epd2in13.o [1]
  .near_func.text    ro code  0x00d5b8    0x3a  epdif.o [1]
  .near_func.text    ro code  0x00d5f2    0x39  epdpaint.o [1]
  .near_func.text    ro code  0x00d62b    0x39  main.o [1]
  .near_func.text    ro code  0x00d664    0x36  xprintfsmall.o [4]
  .near_func.text    ro code  0x00d69a    0x35  xprintfsmall.o [4]
  .near_func.text    ro code  0x00d6cf    0x34  pcf8563_i2c.o [1]
  .near_func.text    ro code  0x00d703    0x33  xencoding_sb.o [4]
  .near_func.text    ro code  0x00d736    0x32  epd2in13.o [1]
  .near_func.text    ro code  0x00d768    0x31  epdhardware.o [1]
  .near_func.text    ro code  0x00d799    0x31  epdhardware.o [1]
  .near_func.text    ro code  0x00d7ca    0x2f  epdhardware.o [1]
  .near_func.text    ro code  0x00d7f9    0x2f  epdif.o [1]
  .near_func.text    ro code  0x00d828    0x2f  xprintfsmall.o [4]
  .near.rodata       const    0x00d857    0x2d  main.o [1]
  .near_func.text    ro code  0x00d884    0x2c  stm8l15x_gpio.o [1]
  .near_func.text    ro code  0x00d8b0    0x2b  stm8l15x_i2c.o [1]
  .near_func.text    ro code  0x00d8db    0x2b  stm8l15x_i2c.o [1]
  .near_func.text    ro code  0x00d906    0x2b  stm8l15x_i2c.o [1]
  .near_func.text    ro code  0x00d931    0x29  epd2in13.o [1]
  .near_func.text    ro code  0x00d95a    0x28  init_small.o [4]
  .near_func.text    ro code  0x00d982    0x27  epd2in13.o [1]
  .near_func.text    ro code  0x00d9a9    0x27  epd2in13.o [1]
  .near_func.text    ro code  0x00d9d0    0x26  epd2in13.o [1]
  .near_func.text    ro code  0x00d9f6    0x26  epdif.o [1]
  .near_func.text    ro code  0x00da1c    0x25  memcpy.o [4]
  .near_func.text    ro code  0x00da41    0x22  epdhardware.o [1]
  .near_func.text    ro code  0x00da63    0x21  xmbtowc.o [4]
  .iar.init_table    const    0x00da84    0x12  - Linker created -
  .near_func.text    ro code  0x00da96    0x20  printf.o [4]
  .near.rodata       const    0x00dab6    0x1e  epd2in13.o [1]
  .near.rodata       const    0x00dad4    0x1e  epd2in13.o [1]
  .near_func.text    ro code  0x00daf2    0x1e  stm8l15x_i2c.o [1]
  .near_func.text    ro code  0x00db10    0x1e  stm8l15x_spi.o [1]
  .near_func.text    ro code  0x00db2e    0x1e  init_small.o [4]
  .near.rodata       const    0x00db4c    0x1d  main.o [1]
  .near_func.text    ro code  0x00db69    0x1c  xwctomb.o [4]
  .near_func.text    ro code  0x00db85    0x1b  xprout.o [4]
  .near_func.text    ro code  0x00dba0    0x19  epd2in13.o [1]
  .near_func.text    ro code  0x00dbb9    0x19  xgetmemchunk.o [4]
  .near_func.text    ro code  0x00dbd2    0x18  dc_util.o [4]
  .near_func.text    ro code  0x00dbea    0x18  memchr.o [4]
  .near_func.text    ro code  0x00dc02    0x18  xencoding_sb.o [4]
  .near_func.text    ro code  0x00dc1a    0x17  init.o [4]
  .near.rodata       const    0x00dc31    0x15  main.o [1]
  .near_func.text    ro code  0x00dc46    0x15  strchr.o [4]
  .near_func.text    ro code  0x00dc5b    0x14  epd2in13.o [1]
  .near_func.text    ro code  0x00dc6f    0x14  epdif.o [1]
  .near_func.text    ro code  0x00dc83    0x14  xprintfsmall.o [4]
  .near_func.text    ro code  0x00dc97    0x14  xprintfsmall.o [4]
  .near_func.text    ro code  0x00dcab    0x14  __dbg_xxexit.o [3]
  .near_func.text    ro code  0x00dcbf    0x13  cstartup.o [4]
  .near_func.text    ro code  0x00dcd2    0x12  stm8l15x_gpio.o [1]
  .near_func.text    ro code  0x00dce4    0x12  strlen.o [4]
  .near_func.text    ro code  0x00dcf6    0x11  stm8l15x_i2c.o [1]
  .near_func.text    ro code  0x00dd07    0x11  stm8l15x_spi.o [1]
  .near_func.text    ro code  0x00dd18    0x10  epd2in13.o [1]
  .near_func.text    ro code  0x00dd28    0x10  epd2in13.o [1]
  .near_func.text    ro code  0x00dd38    0x10  xprintfsmall.o [4]
  .near_func.text    ro code  0x00dd48     0xe  stm8l15x_clk.o [1]
  .near_func.text    ro code  0x00dd56     0xe  stm8l15x_pwr.o [1]
  .near.rodata       const    0x00dd64     0xd  main.o [1]
  .near_func.text    ro code  0x00dd71     0xd  move.o [4]
  .near_func.text    ro code  0x00dd7e     0xc  epdif.o [1]
  .near_func.text    ro code  0x00dd8a     0xc  setlocale.o [4]
  .near.rodata       const    0x00dd96     0xb  main.o [1]
  .near_func.text    ro code  0x00dda1     0xb  xprintfsmall.o [4]
  .near_func.text    ro code  0x00ddac     0xa  user_usart.o [1]
  .near_func.text    ro code  0x00ddb6     0xa  xprintfsmall.o [4]
  .near_func.text    ro code  0x00ddc0     0xa  xprintfsmall.o [4]
  .near_func.text    ro code  0x00ddca     0x9  stm8l15x_gpio.o [1]
  .near_func.text    ro code  0x00ddd3     0x9  xprintfsmall.o [4]
  .near_func.text    ro code  0x00dddc     0x9  xprintfsmall.o [4]
  .near_func.text    ro code  0x00dde5     0x9  xprintfsmall.o [4]
  .near_func.text    ro code  0x00ddee     0x9  xprintfsmall.o [4]
  .near_func.text    ro code  0x00ddf7     0x9  xprintfsmall.o [4]
  .near.rodata       const    0x00de00     0x8  xprintfsmall.o [4]
  .near.rodata       const    0x00de08     0x8  xprintfsmall.o [4]
  .near.rodata       const    0x00de10     0x8  xencoding_sb.o [4]
  .near.rodata       const    0x00de18     0x8  xencoding_sb.o [4]
  .near_func.text    ro code  0x00de20     0x8  epdpaint.o [1]
  .near_func.text    ro code  0x00de28     0x8  epdpaint.o [1]
  .near_func.text    ro code  0x00de30     0x8  stm8l15x_i2c.o [1]
  .near_func.text    ro code  0x00de38     0x8  stm8l15x_spi.o [1]
  .near_func.text    ro code  0x00de40     0x8  xprintfsmall.o [4]
  .near_func.text    ro code  0x00de48     0x8  xprintfsmall.o [4]
  .near_func.text    ro code  0x00de50     0x8  xxmemxmalloc.o [4]
  .near.rodata       const    0x00de58     0x7  xprintfsmall.o [4]
  .near_func.text    ro code  0x00de5f     0x7  stm8l15x_gpio.o [1]
  .near_func.text    ro code  0x00de66     0x7  xprintfsmall.o [4]
  .near_func.text    ro code  0x00de6d     0x7  xprintfsmall.o [4]
  .near_func.text    ro code  0x00de74     0x7  xxmemxmalloc.o [4]
  .near_func.text    ro code  0x00de7b     0x7  putchar.o [4]
  .near_func.text    ro code  0x00de82     0x6  xprintfsmall.o [4]
  .near_func.text    ro code  0x00de88     0x6  xprintfsmall.o [4]
  .near_func.text    ro code  0x00de8e     0x6  xprintfsmall.o [4]
  .near_func.text    ro code  0x00de94     0x6  xprintfsmall.o [4]
  .near_func.text    ro code  0x00de9a     0x6  xmbcurmax.o [4]
  .near.rodata       const    0x00dea0     0x5  stm8l15x_clk.o [1]
  .near_func.text    ro code  0x00dea5     0x5  epdpaint.o [1]
  .near_func.text    ro code  0x00deaa     0x5  epdpaint.o [1]
  .near_func.text    ro code  0x00deaf     0x5  stm8l15x_i2c.o [1]
  .near_func.text    ro code  0x00deb4     0x5  stm8l15x_spi.o [1]
  .near_func.text    ro code  0x00deb9     0x5  xprintfsmall.o [4]
  .near_func.text    ro code  0x00debe     0x5  xprintfsmall.o [4]
  .near_func.text    ro code  0x00dec3     0x5  xprintfsmall.o [4]
  .near_func.text    ro code  0x00dec8     0x5  xprintfsmall.o [4]
  .near_func.text    ro code  0x00decd     0x5  cexit.o [4]
  .near_func.text    ro code  0x00ded2     0x4  stm8l15x_clk.o [1]
  .near_func.text    ro code  0x00ded6     0x4  setlocale.o [4]
  .near_func.text    ro code  0x00deda     0x3  interrupt.o [4]
  .near_func.text    ro code  0x00dedd     0x3  low_level_init.o [4]
  .near_func.text    ro code  0x00dee0     0x3  exit.o [4]
  .near_func.text    ro code  0x00dee3     0x3  unhandled_exception.o [4]
  .near.rodata       const    0x00dee6     0x2  si7020_i2c.o [1]
  .near_func.text    ro code  0x00dee8     0x1  __dbg_break.o [3]
                            - 0x00dee9  0x5e69


*******************************************************************************
*** INIT TABLE
***

          Address   Size
          -------   ----
Zero (__iar_zero_init2)
    1 destination range, total size 0x47c:
          0x00015e  0x47c

Copy (__iar_copy_init2)
    1 source range, total size 0x4e:
          0x00d2fa   0x4e
    1 destination range, total size 0x4e:
          0x000010   0x4e



*******************************************************************************
*** MODULE SUMMARY
***

    Module                 ro code  ro data  rw data
    ------                 -------  -------  -------
C:\Users\HaiFeng\Desktop\stm8l151\Debug\Obj: [1]
    epd2in13.o               1 190       60
    epdhardware.o              179
    epdif.o                    285       12       24
    epdpaint.o               1 724
    font12.o                          1 146        6
    font24.o                          6 846        6
    imagedata.o                       4 000
    main.o                     913      125    1 032
    pcf8563_i2c.o              410        8       16
    si7020_i2c.o               324        2
    stm8l15x_clk.o             307        5
    stm8l15x_gpio.o            253
    stm8l15x_i2c.o             893
    stm8l15x_pwr.o              14
    stm8l15x_spi.o             149
    user_usart.o                10
    ------------------------------------------------
    Total:                   6 651   12 204    1 084

command line: [2]
    ------------------------------------------------
    Total:

dbgstm8smd.a: [3]
    __dbg_break.o                1
    __dbg_xxexit.o              20
    ------------------------------------------------
    Total:                      21

dlstm8smf.a: [4]
    cexit.o                      5
    cstartup.o                  19
    dc_util.o                   24
    exit.o                       3
    float.o                    899
    init.o                      23
    init_small.o                70
    interrupt.o                  3      128
    long.o                     394
    long_util.o                 71
    low_level_init.o             3
    memchr.o                    24
    memcpy.o                    37
    move.o                      13
    printf.o                    32
    putchar.o                    7
    setlocale.o                 16                16
    short.o                     95
    strchr.o                    21
    strlen.o                    18
    unhandled_exception.o        3
    vreg_util.o                396
    vregs.o                                       16
    xencoding_sb.o              75       16
    xfiles.o                             40      120
    xgetmemchunk.o              25                 2
    xmbcurmax.o                  6
    xmbtowc.o                   33
    xprintfsmall.o           2 349       23
    xprout.o                    27
    xwctomb.o                   28
    xxmemxfree.o               219
    xxmemxmalloc.o             258                 4
    ------------------------------------------------
    Total:                   5 196      207      158

    Linker created                       18      512
----------------------------------------------------
    Grand Total:            11 868   12 429    1 754


*******************************************************************************
*** ENTRY LIST
***

Entry                    Address    Size  Type      Object
-----                    -------    ----  ----      ------
.iar.init_table$$Base   0x00da84           --   Gb  - Linker created -
.iar.init_table$$Limit  0x00da96           --   Gb  - Linker created -
?and32_l0_l0_0x         0x00c081          Code  Gb  long.o [4]
?and32_l0_l0_l1         0x00c07e          Code  Gb  long.o [4]
?b0                     0x000000          Data  Gb  vregs.o [4]
?b1                     0x000001          Data  Gb  vregs.o [4]
?b10                    0x00000a          Data  Gb  vregs.o [4]
?b11                    0x00000b          Data  Gb  vregs.o [4]
?b12                    0x00000c          Data  Gb  vregs.o [4]
?b13                    0x00000d          Data  Gb  vregs.o [4]
?b14                    0x00000e          Data  Gb  vregs.o [4]
?b15                    0x00000f          Data  Gb  vregs.o [4]
?b2                     0x000002          Data  Gb  vregs.o [4]
?b3                     0x000003          Data  Gb  vregs.o [4]
?b4                     0x000004          Data  Gb  vregs.o [4]
?b5                     0x000005          Data  Gb  vregs.o [4]
?b6                     0x000006          Data  Gb  vregs.o [4]
?b7                     0x000007          Data  Gb  vregs.o [4]
?b8                     0x000008          Data  Gb  vregs.o [4]
?b9                     0x000009          Data  Gb  vregs.o [4]
?dc32_l1                0x00dbd2          Code  Gb  dc_util.o [4]
?dc32_px                0x00dbdf          Code  Gb  dc_util.o [4]
?dec32_0x_0x            0x00bf65          Code  Gb  long.o [4]
?dec32_l0_l0            0x00bf60          Code  Gb  long.o [4]
?e0                     0x000001          Data  Gb  vregs.o [4]
?e1                     0x000005          Data  Gb  vregs.o [4]
?e2                     0x000009          Data  Gb  vregs.o [4]
?e3                     0x00000d          Data  Gb  vregs.o [4]
?epilogue_l2            0x00be57          Code  Gb  vreg_util.o [4]
?epilogue_l2_l3         0x00be54          Code  Gb  vreg_util.o [4]
?epilogue_l2_w6         0x00be5b          Code  Gb  vreg_util.o [4]
?epilogue_w4            0x00be62          Code  Gb  vreg_util.o [4]
?fadd32_l0_l0_dc32      0x00b3a3          Code  Gb  float.o [4]
?fadd32_l0_l0_l1        0x00b3a8          Code  Gb  float.o [4]
?fcastf32u16_l0_x       0x00b5c9          Code  Gb  float.o [4]
?fcasts16f32_x_l0       0x00b5e7          Code  Gb  float.o [4]
?fdiv32_l0_l0_dc32      0x00b516          Code  Gb  float.o [4]
?fdiv32_l0_l0_l1        0x00b51b          Code  Gb  float.o [4]
?fmul32_l0_l0_dc32      0x00b476          Code  Gb  float.o [4]
?fmul32_l0_l0_l1        0x00b47b          Code  Gb  float.o [4]
?inc32_0x_0x            0x00bf52          Code  Gb  long.o [4]
?inc32_l0_l0            0x00bf48          Code  Gb  long.o [4]
?inc32_l2_l2            0x00bf4d          Code  Gb  long.o [4]
?l0                     0x000000          Data  Gb  vregs.o [4]
?l1                     0x000004          Data  Gb  vregs.o [4]
?l2                     0x000008          Data  Gb  vregs.o [4]
?l3                     0x00000c          Data  Gb  vregs.o [4]
?load32_0x_l0           0x00d4ab          Code  Gb  long_util.o [4]
?load32_asp_l0          0x00d49f          Code  Gb  long_util.o [4]
?load32_dbsp_l0         0x00d49a          Code  Gb  long_util.o [4]
?load32_l0_0x           0x00d482          Code  Gb  long_util.o [4]
?load32_l0_asp          0x00d477          Code  Gb  long_util.o [4]
?load32_l0_dbsp         0x00d472          Code  Gb  long_util.o [4]
?load32_l0_xsp          0x00d479          Code  Gb  long_util.o [4]
?load32_l1_0x           0x00d48e          Code  Gb  long_util.o [4]
?load32_xsp_l0          0x00d4a1          Code  Gb  long_util.o [4]
?mov_e0_e1              0x00bed9          Code  Gb  vreg_util.o [4]
?mov_e0_e2              0x00bee6          Code  Gb  vreg_util.o [4]
?mov_e0_e3              0x00bef3          Code  Gb  vreg_util.o [4]
?mov_e1_e0              0x00bf00          Code  Gb  vreg_util.o [4]
?mov_e2_e0              0x00bf14          Code  Gb  vreg_util.o [4]
?mov_e2_e3              0x00bf21          Code  Gb  vreg_util.o [4]
?mov_e3_e0              0x00bf2e          Code  Gb  vreg_util.o [4]
?mov_l0_l1              0x00bed6          Code  Gb  vreg_util.o [4]
?mov_l0_l2              0x00bee3          Code  Gb  vreg_util.o [4]
?mov_l0_l3              0x00bef0          Code  Gb  vreg_util.o [4]
?mov_l1_l0              0x00befd          Code  Gb  vreg_util.o [4]
?mov_l2_l0              0x00bf11          Code  Gb  vreg_util.o [4]
?mov_l2_l3              0x00bf1e          Code  Gb  vreg_util.o [4]
?mov_l3_l0              0x00bf2b          Code  Gb  vreg_util.o [4]
?mov_w0_w4              0x00be66          Code  Gb  vreg_util.o [4]
?mov_w0_w5              0x00be6d          Code  Gb  vreg_util.o [4]
?mov_w0_w6              0x00be74          Code  Gb  vreg_util.o [4]
?mov_w1_w3              0x00bedc          Code  Gb  vreg_util.o [4]
?mov_w1_w4              0x00be7b          Code  Gb  vreg_util.o [4]
?mov_w1_w5              0x00bee9          Code  Gb  vreg_util.o [4]
?mov_w1_w6              0x00be82          Code  Gb  vreg_util.o [4]
?mov_w1_w7              0x00bef6          Code  Gb  vreg_util.o [4]
?mov_w2_w1              0x00be89          Code  Gb  vreg_util.o [4]
?mov_w3_w0              0x00be90          Code  Gb  vreg_util.o [4]
?mov_w3_w1              0x00bf03          Code  Gb  vreg_util.o [4]
?mov_w3_w5              0x00bf0a          Code  Gb  vreg_util.o [4]
?mov_w4_w0              0x00be97          Code  Gb  vreg_util.o [4]
?mov_w4_w1              0x00be9e          Code  Gb  vreg_util.o [4]
?mov_w5_w0              0x00bea5          Code  Gb  vreg_util.o [4]
?mov_w5_w1              0x00bf17          Code  Gb  vreg_util.o [4]
?mov_w5_w2              0x00beac          Code  Gb  vreg_util.o [4]
?mov_w5_w6              0x00beb3          Code  Gb  vreg_util.o [4]
?mov_w5_w7              0x00bf24          Code  Gb  vreg_util.o [4]
?mov_w6_w0              0x00beba          Code  Gb  vreg_util.o [4]
?mov_w6_w1              0x00bec1          Code  Gb  vreg_util.o [4]
?mov_w6_w2              0x00bec8          Code  Gb  vreg_util.o [4]
?mov_w7_w1              0x00bf31          Code  Gb  vreg_util.o [4]
?mov_w7_w2              0x00becf          Code  Gb  vreg_util.o [4]
?move1616_v_x_y_a       0x00dd71          Code  Gb  move.o [4]
?mul16_x_x_w0           0x00d082          Code  Gb  short.o [4]
?mul32_l0_l0_0x         0x00bf7c          Code  Gb  long.o [4]
?mul32_l0_l0_dl         0x00bf79          Code  Gb  long.o [4]
?mul32_l0_l0_l1         0x00bf85          Code  Gb  long.o [4]
?neg32_l0_l0            0x00bf38          Code  Gb  long.o [4]
?pop_l1                 0x00be2b          Code  Gb  vreg_util.o [4]
?pop_l2                 0x00be36          Code  Gb  vreg_util.o [4]
?pop_l3                 0x00be41          Code  Gb  vreg_util.o [4]
?pop_w4                 0x00bde2          Code  Gb  vreg_util.o [4]
?pop_w5                 0x00bde9          Code  Gb  vreg_util.o [4]
?pop_w6                 0x00bdf0          Code  Gb  vreg_util.o [4]
?push_l0                0x00bdff          Code  Gb  vreg_util.o [4]
?push_l2                0x00be04          Code  Gb  vreg_util.o [4]
?push_l3                0x00be09          Code  Gb  vreg_util.o [4]
?push_w0                0x00bdac          Code  Gb  vreg_util.o [4]
?push_w1                0x00bdb1          Code  Gb  vreg_util.o [4]
?push_w2                0x00bdb6          Code  Gb  vreg_util.o [4]
?push_w3                0x00bdbb          Code  Gb  vreg_util.o [4]
?push_w4                0x00bdc0          Code  Gb  vreg_util.o [4]
?push_w5                0x00bdc5          Code  Gb  vreg_util.o [4]
?push_w6                0x00bdca          Code  Gb  vreg_util.o [4]
?sdiv16_x_x_y           0x00d0a0          Code  Gb  short.o [4]
?sext32_l0_a            0x00c0b5          Code  Gb  long.o [4]
?sext32_l0_x            0x00c0aa          Code  Gb  long.o [4]
?sll16_x_x_a            0x00d0c9          Code  Gb  short.o [4]
?sll32_0x_0x_a          0x00c09c          Code  Gb  long.o [4]
?sll32_l0_l0_a          0x00c099          Code  Gb  long.o [4]
?smod16_y_x_y           0x00d0b9          Code  Gb  short.o [4]
?sra16_x_x_a            0x00d0d1          Code  Gb  short.o [4]
?srl16_x_x_4            0x00d0dc          Code  Gb  short.o [4]
?srl16_x_x_5            0x00d0db          Code  Gb  short.o [4]
?srl16_x_x_6            0x00d0da          Code  Gb  short.o [4]
?srl16_x_x_7            0x00d0d9          Code  Gb  short.o [4]
?ucmp32_c_l0_l1         0x00c073          Code  Gb  long.o [4]
?udiv32_l0_l0_dl        0x00c003          Code  Gb  long.o [4]
?udiv32_l0_l0_l1        0x00c006          Code  Gb  long.o [4]
?umod32_l1_l0_l1        0x00c006          Code  Gb  long.o [4]
?w0                     0x000000          Data  Gb  vregs.o [4]
?w1                     0x000002          Data  Gb  vregs.o [4]
?w2                     0x000004          Data  Gb  vregs.o [4]
?w3                     0x000006          Data  Gb  vregs.o [4]
?w4                     0x000008          Data  Gb  vregs.o [4]
?w5                     0x00000a          Data  Gb  vregs.o [4]
?w6                     0x00000c          Data  Gb  vregs.o [4]
?w7                     0x00000e          Data  Gb  vregs.o [4]
CLK_GetClockFreq        0x00ce01    0x93  Code  Gb  stm8l15x_clk.o [1]
CLK_HSICmd              0x00dd48     0xe  Code  Gb  stm8l15x_clk.o [1]
CLK_PeripheralClockConfig
                        0x00ce94    0x8e  Code  Gb  stm8l15x_clk.o [1]
CLK_SYSCLKSourceConfig  0x00ded2     0x4  Code  Gb  stm8l15x_clk.o [1]
CSTACK$$Base            0x000700           --   Gb  - Linker created -
CSTACK$$Limit           0x000800           --   Gb  - Linker created -
EPD_ClearFrameMemory    0x00cf22    0x84  Code  Gb  epd2in13.o [1]
EPD_DelayMs             0x00dd28    0x10  Code  Gb  epd2in13.o [1]
EPD_DigitalRead         0x00dd18    0x10  Code  Gb  epd2in13.o [1]
EPD_DigitalWrite        0x00dba0    0x19  Code  Gb  epd2in13.o [1]
EPD_DisplayFrame        0x00d931    0x29  Code  Gb  epd2in13.o [1]
EPD_Init                0x00c610    0xfa  Code  Gb  epd2in13.o [1]
EPD_Reset               0x00d736    0x32  Code  Gb  epd2in13.o [1]
EPD_SendCommand         0x00d982    0x27  Code  Gb  epd2in13.o [1]
EPD_SendData            0x00d9a9    0x27  Code  Gb  epd2in13.o [1]
EPD_SetFrameMemory      0x00c4e1   0x12f  Code  Gb  epd2in13.o [1]
EPD_SetLut              0x00d42a    0x48  Code  Lc  epd2in13.o [1]
EPD_SetMemoryArea       0x00d252    0x58  Code  Lc  epd2in13.o [1]
EPD_SetMemoryPointer    0x00d57b    0x3d  Code  Lc  epd2in13.o [1]
EPD_Sleep               0x00dc5b    0x14  Code  Gb  epd2in13.o [1]
EPD_WaitUntilIdle       0x00d9d0    0x26  Code  Gb  epd2in13.o [1]
EpdDelayMsCallback      0x00dd7e     0xc  Code  Gb  epdif.o [1]
EpdDigitalReadCallback  0x00d7f9    0x2f  Code  Gb  epdif.o [1]
EpdDigitalWriteCallback
                        0x00cfa6    0x6e  Code  Gb  epdif.o [1]
EpdInitCallback         0x00d5b8    0x3a  Code  Gb  epdif.o [1]
EpdSpiTransferCallback  0x00d9f6    0x26  Code  Gb  epdif.o [1]
Font12                  0x00001c     0x6  Data  Gb  font12.o [1]
Font12_Table            0x00aad8   0x474  Data  Gb  font12.o [1]
Font24                  0x000022     0x6  Data  Gb  font24.o [1]
Font24_Table            0x008080  0x1ab8  Data  Gb  font24.o [1]
GPIOConfig              0x00d394    0x4b  Code  Lc  main.o [1]
GPIO_ExternalPullUpConfig
                        0x00d884    0x2c  Code  Gb  stm8l15x_gpio.o [1]
GPIO_Init               0x00cc11    0xaf  Code  Gb  stm8l15x_gpio.o [1]
GPIO_ReadInputDataBit   0x00ddca     0x9  Code  Gb  stm8l15x_gpio.o [1]
GPIO_SetBits            0x00de5f     0x7  Code  Gb  stm8l15x_gpio.o [1]
GPIO_WriteBit           0x00dcd2    0x12  Code  Gb  stm8l15x_gpio.o [1]
HEAP$$Base              0x00005e           --   Gb  - Linker created -
HEAP$$Limit             0x00015e           --   Gb  - Linker created -
I2C_AcknowledgeConfig   0x00d906    0x2b  Code  Gb  stm8l15x_i2c.o [1]
I2C_CheckEvent          0x00d014    0x6e  Code  Gb  stm8l15x_i2c.o [1]
I2C_Cmd                 0x00dcf6    0x11  Code  Gb  stm8l15x_i2c.o [1]
I2C_DeInit              0x00d348    0x4c  Code  Gb  stm8l15x_i2c.o [1]
I2C_GenerateSTART       0x00d8b0    0x2b  Code  Gb  stm8l15x_i2c.o [1]
I2C_GenerateSTOP        0x00d8db    0x2b  Code  Gb  stm8l15x_i2c.o [1]
I2C_GetFlagStatus       0x00d3df    0x4b  Code  Gb  stm8l15x_i2c.o [1]
I2C_Init                0x00bbf1   0x1bb  Code  Gb  stm8l15x_i2c.o [1]
I2C_ReceiveData         0x00deaf     0x5  Code  Gb  stm8l15x_i2c.o [1]
I2C_Send7bitAddress     0x00daf2    0x1e  Code  Gb  stm8l15x_i2c.o [1]
I2C_SendData            0x00de30     0x8  Code  Gb  stm8l15x_i2c.o [1]
IMAGE_DATA              0x009b38   0xfa0  Data  Gb  imagedata.o [1]
INTVEC$$Base            0x008000           --   Gb  - Linker created -
INTVEC$$Limit           0x008080           --   Gb  - Linker created -
LoadInt                 0x00d53c    0x3f  Code  Lc  xprintfsmall.o [4]
PCF8563_Read_Time       0x00ccc0    0xad  Code  Gb  pcf8563_i2c.o [1]
PWR_UltraLowPowerCmd    0x00dd56     0xe  Code  Gb  stm8l15x_pwr.o [1]
Paint_Clear             0x00d2aa    0x50  Code  Gb  epdpaint.o [1]
Paint_DrawAbsolutePixel
                        0x00c70a    0xf5  Code  Gb  epdpaint.o [1]
Paint_DrawCharAt        0x00c7ff    0xf5  Code  Gb  epdpaint.o [1]
Paint_DrawHorizontalLine
                        0x00d4fb    0x41  Code  Gb  epdpaint.o [1]
Paint_DrawLine          0x00c9cf    0xc8  Code  Gb  epdpaint.o [1]
Paint_DrawPixel         0x00c233   0x16a  Code  Gb  epdpaint.o [1]
Paint_DrawRectangle     0x00ca97    0xc1  Code  Gb  epdpaint.o [1]
Paint_DrawStringAt      0x00d140    0x5d  Code  Gb  epdpaint.o [1]
Paint_DrawVerticalLine  0x00d4b9    0x42  Code  Gb  epdpaint.o [1]
Paint_GetHeight         0x00deaa     0x5  Code  Gb  epdpaint.o [1]
Paint_GetWidth          0x00dea5     0x5  Code  Gb  epdpaint.o [1]
Paint_Init              0x00d19d    0x5c  Code  Gb  epdpaint.o [1]
Paint_SetHeight         0x00de20     0x8  Code  Gb  epdpaint.o [1]
Paint_SetRotate         0x00de28     0x8  Code  Gb  epdpaint.o [1]
Paint_SetWidth          0x00d5f2    0x39  Code  Gb  epdpaint.o [1]
Region$$Table$$Base     0x00da84           --   Gb  - Linker created -
Region$$Table$$Limit    0x00da96           --   Gb  - Linker created -
SPI_Cmd                 0x00dd07    0x11  Code  Gb  stm8l15x_spi.o [1]
SPI_GetFlagStatus       0x00db10    0x1e  Code  Gb  stm8l15x_spi.o [1]
SPI_Init                0x00d1f9    0x59  Code  Gb  stm8l15x_spi.o [1]
SPI_ReceiveData         0x00deb4     0x5  Code  Gb  stm8l15x_spi.o [1]
SPI_SendData            0x00de38     0x8  Code  Gb  stm8l15x_spi.o [1]
SYSDivFactor            0x00dea0     0x5  Data  Gb  stm8l15x_clk.o [1]
_EncodingSb_Mbtowc      0x00d703    0x33  Code  Gb  xencoding_sb.o [4]
_EncodingSb_Wctomb      0x00dc02    0x18  Code  Gb  xencoding_sb.o [4]
_LitobSmall             0x00c0c2   0x171  Code  Lc  xprintfsmall.o [4]
_LocaleEncoding         0x00dd8a     0xc  Code  Gb  setlocale.o [4]
_Locale_Profile         0x0005ae     0xe  Data  Gb  setlocale.o [4]
_Mbtowc                 0x00da63    0x21  Code  Gb  xmbtowc.o [4]
_PrintfSmall            0x00af4c   0x43a  Code  Gb  xprintfsmall.o [4]
_Prout                  0x00db85    0x1b  Code  Gb  xprout.o [4]
_PutcharSmall           0x00d828    0x2f  Code  Lc  xprintfsmall.o [4]
_PutcharsSmall          0x00d69a    0x35  Code  Lc  xprintfsmall.o [4]
_PutstrSmall            0x00ba16   0x1db  Code  Lc  xprintfsmall.o [4]
_Wctomb                 0x00db69    0x1c  Code  Gb  xwctomb.o [4]
__DebugBreak            0x00dee8     0x1  Code  Gb  __dbg_break.o [3]
__exit                  0x00dcab    0x14  Code  Gb  __dbg_xxexit.o [3]
__iar_Mbcurmax          0x00de9a     0x6  Code  Gb  xmbcurmax.o [4]
__iar_Memchr            0x00dbea    0x18  Code  Gb  memchr.o [4]
__iar_Stdout            0x000036    0x28  Data  Gb  xfiles.o [4]
__iar_Strchr            0x00dc46    0x15  Code  Gb  strchr.o [4]
__iar_Tls_setup__Locale_Profile
                        0x0005d6     0x2  Data  Gb  setlocale.o [4]
__iar_copy_init2        0x00d95a          Code  Gb  init_small.o [4]
__iar_data_init2        0x00dc1a    0x17  Code  Gb  init.o [4]
__iar_program_start     0x00dcbf          Code  Gb  cstartup.o [4]
__iar_unhandled_exception
                        0x00dee3          Code  Gb  unhandled_exception.o [4]
__iar_zero_init2        0x00db2e          Code  Gb  init_small.o [4]
__intvec                0x008000          Data  Gb  interrupt.o [4]
__low_level_init        0x00dedd     0x3  Code  Gb  low_level_init.o [4]
__near_Aldata           0x0005d0     0x4  Data  Gb  xxmemxmalloc.o [4]
__near_GetMemChunk      0x00dbb9    0x19  Code  Gb  xgetmemchunk.o [4]
__near_findmem          0x00d0e1    0x5f  Code  Lc  xxmemxmalloc.o [4]
_exit                   0x00decd          Code  Gb  cexit.o [4]
delay                   0x00d62b    0x39  Code  Gb  main.o [1]
epdGPIOInit             0x00d768    0x31  Code  Gb  epdhardware.o [1]
epd_Delay               0x00dc6f    0x14  Code  Gb  epdif.o [1]
epd_Init                0x00d799    0x31  Code  Gb  epdhardware.o [1]
epd_LowLevel_Init       0x00da41    0x22  Code  Gb  epdhardware.o [1]
epd_SendByte            0x00d7ca    0x2f  Code  Gb  epdhardware.o [1]
epd_busy_pin            0x000019     0x3  Data  Gb  epdif.o [1]
epd_cs_pin              0x000010     0x3  Data  Gb  epdif.o [1]
epd_dc_pin              0x000016     0x3  Data  Gb  epdif.o [1]
epd_rst_pin             0x000013     0x3  Data  Gb  epdif.o [1]
exit                    0x00dee0     0x3  Code  Gb  exit.o [4]
fputc                   0x00ddac     0xa  Code  Gb  user_usart.o [1]
frame_buffer            0x00015e   0x400  Data  Gb  main.o [1]
free                    0x00c8f4    0xdb  Code  Gb  xxmemxfree.o [4]
lut_full_update         0x00dab6    0x1e  Data  Gb  epd2in13.o [1]
lut_partial_update      0x00dad4    0x1e  Data  Gb  epd2in13.o [1]
main                    0x00b709   0x30d  Code  Gb  main.o [1]
malloc                  0x00cd6d    0x94  Code  Gb  xxmemxmalloc.o [4]
memcpy                  0x00da1c    0x25  Code  Gb  memcpy.o [4]
obuf                    0x00055e    0x50  Data  Lc  xfiles.o [4]
pad                     0x00d664    0x36  Code  Lc  xprintfsmall.o [4]
pcf8563ReadOneByte      0x00cb58    0xb9  Code  Gb  pcf8563_i2c.o [1]
pins                    0x0005bc     0xc  Data  Gb  epdif.o [1]
printf                  0x00da96    0x20  Code  Gb  printf.o [4]
putchar                 0x00de7b     0x7  Code  Gb  putchar.o [4]
si7020_read             0x00c39d   0x144  Code  Gb  si7020_i2c.o [1]
si7020_temperature      0x0005d4     0x2  Data  Gb  main.o [1]
strlen                  0x00dce4    0x12  Code  Gb  strlen.o [4]
time_buf                0x0005c8     0x8  Data  Gb  pcf8563_i2c.o [1]
time_buf1               0x00002e     0x8  Data  Gb  pcf8563_i2c.o [1]
time_string             0x000028     0x6  Data  Gb  main.o [1]
unused_gpios            0x00d857    0x2d  Data  Lc  main.o [1]
userI2CInit             0x00d6cf    0x34  Code  Gb  pcf8563_i2c.o [1]


[1] = C:\Users\HaiFeng\Desktop\stm8l151\Debug\Obj
[2] = command line
[3] = dbgstm8smd.a
[4] = dlstm8smf.a

  11 868 bytes of readonly  code memory
  12 429 bytes of readonly  data memory
   1 754 bytes of readwrite data memory

Errors: none
Warnings: none
